{
    "-profile test": {
        "content": [
            {
                "FASTQC": {
                    "fastqc": "0.12.1"
                },
                "GZRT": {
                    "gzrt": 0.9
                },
                "WIPERTOOLS_FASTQSCATTER": {
                    "wipertools fastqscatter": "1.0.3"
                },
                "Workflow": {
                    "nf-core/fastqrepair": "v1.1.0dev"
                }
            },
            [
                "QC",
                "QC/fastqc",
                "QC/fastqc/test_30reads_2_fastqc.html",
                "QC/fastqc/test_30reads_2_fastqc.zip",
                "QC/multiqc",
                "QC/multiqc/multiqc_data",
                "QC/multiqc/multiqc_data/fastqc-status-check-heatmap.txt",
                "QC/multiqc/multiqc_data/fastqc_adapter_content_plot.txt",
                "QC/multiqc/multiqc_data/fastqc_overrepresented_sequences_plot.txt",
                "QC/multiqc/multiqc_data/fastqc_per_base_n_content_plot.txt",
                "QC/multiqc/multiqc_data/fastqc_per_base_sequence_quality_plot.txt",
                "QC/multiqc/multiqc_data/fastqc_per_sequence_gc_content_plot_Counts.txt",
                "QC/multiqc/multiqc_data/fastqc_per_sequence_gc_content_plot_Percentages.txt",
                "QC/multiqc/multiqc_data/fastqc_per_sequence_quality_scores_plot.txt",
                "QC/multiqc/multiqc_data/fastqc_sequence_counts_plot.txt",
                "QC/multiqc/multiqc_data/fastqc_sequence_duplication_levels_plot.txt",
                "QC/multiqc/multiqc_data/fastqc_sequence_length_distribution_plot.txt",
                "QC/multiqc/multiqc_data/fastqc_top_overrepresented_sequences_table.txt",
                "QC/multiqc/multiqc_data/llms-full.txt",
                "QC/multiqc/multiqc_data/multiqc.log",
                "QC/multiqc/multiqc_data/multiqc.parquet",
                "QC/multiqc/multiqc_data/multiqc_citations.txt",
                "QC/multiqc/multiqc_data/multiqc_data.json",
                "QC/multiqc/multiqc_data/multiqc_fastqc.txt",
                "QC/multiqc/multiqc_data/multiqc_general_stats.txt",
                "QC/multiqc/multiqc_data/multiqc_software_versions.txt",
                "QC/multiqc/multiqc_data/multiqc_sources.txt",
                "QC/multiqc/multiqc_plots",
                "QC/multiqc/multiqc_plots/pdf",
                "QC/multiqc/multiqc_plots/pdf/fastqc-status-check-heatmap.pdf",
                "QC/multiqc/multiqc_plots/pdf/fastqc_adapter_content_plot.pdf",
                "QC/multiqc/multiqc_plots/pdf/fastqc_overrepresented_sequences_plot.pdf",
                "QC/multiqc/multiqc_plots/pdf/fastqc_per_base_n_content_plot.pdf",
                "QC/multiqc/multiqc_plots/pdf/fastqc_per_base_sequence_quality_plot.pdf",
                "QC/multiqc/multiqc_plots/pdf/fastqc_per_sequence_gc_content_plot_Counts.pdf",
                "QC/multiqc/multiqc_plots/pdf/fastqc_per_sequence_gc_content_plot_Percentages.pdf",
                "QC/multiqc/multiqc_plots/pdf/fastqc_per_sequence_quality_scores_plot.pdf",
                "QC/multiqc/multiqc_plots/pdf/fastqc_sequence_counts_plot-cnt.pdf",
                "QC/multiqc/multiqc_plots/pdf/fastqc_sequence_counts_plot-pct.pdf",
                "QC/multiqc/multiqc_plots/pdf/fastqc_sequence_duplication_levels_plot.pdf",
                "QC/multiqc/multiqc_plots/pdf/fastqc_sequence_length_distribution_plot.pdf",
                "QC/multiqc/multiqc_plots/pdf/fastqc_top_overrepresented_sequences_table.pdf",
                "QC/multiqc/multiqc_plots/png",
                "QC/multiqc/multiqc_plots/png/fastqc-status-check-heatmap.png",
                "QC/multiqc/multiqc_plots/png/fastqc_adapter_content_plot.png",
                "QC/multiqc/multiqc_plots/png/fastqc_overrepresented_sequences_plot.png",
                "QC/multiqc/multiqc_plots/png/fastqc_per_base_n_content_plot.png",
                "QC/multiqc/multiqc_plots/png/fastqc_per_base_sequence_quality_plot.png",
                "QC/multiqc/multiqc_plots/png/fastqc_per_sequence_gc_content_plot_Counts.png",
                "QC/multiqc/multiqc_plots/png/fastqc_per_sequence_gc_content_plot_Percentages.png",
                "QC/multiqc/multiqc_plots/png/fastqc_per_sequence_quality_scores_plot.png",
                "QC/multiqc/multiqc_plots/png/fastqc_sequence_counts_plot-cnt.png",
                "QC/multiqc/multiqc_plots/png/fastqc_sequence_counts_plot-pct.png",
                "QC/multiqc/multiqc_plots/png/fastqc_sequence_duplication_levels_plot.png",
                "QC/multiqc/multiqc_plots/png/fastqc_sequence_length_distribution_plot.png",
                "QC/multiqc/multiqc_plots/png/fastqc_top_overrepresented_sequences_table.png",
                "QC/multiqc/multiqc_plots/svg",
                "QC/multiqc/multiqc_plots/svg/fastqc-status-check-heatmap.svg",
                "QC/multiqc/multiqc_plots/svg/fastqc_adapter_content_plot.svg",
                "QC/multiqc/multiqc_plots/svg/fastqc_overrepresented_sequences_plot.svg",
                "QC/multiqc/multiqc_plots/svg/fastqc_per_base_n_content_plot.svg",
                "QC/multiqc/multiqc_plots/svg/fastqc_per_base_sequence_quality_plot.svg",
                "QC/multiqc/multiqc_plots/svg/fastqc_per_sequence_gc_content_plot_Counts.svg",
                "QC/multiqc/multiqc_plots/svg/fastqc_per_sequence_gc_content_plot_Percentages.svg",
                "QC/multiqc/multiqc_plots/svg/fastqc_per_sequence_quality_scores_plot.svg",
                "QC/multiqc/multiqc_plots/svg/fastqc_sequence_counts_plot-cnt.svg",
                "QC/multiqc/multiqc_plots/svg/fastqc_sequence_counts_plot-pct.svg",
                "QC/multiqc/multiqc_plots/svg/fastqc_sequence_duplication_levels_plot.svg",
                "QC/multiqc/multiqc_plots/svg/fastqc_sequence_length_distribution_plot.svg",
                "QC/multiqc/multiqc_plots/svg/fastqc_top_overrepresented_sequences_table.svg",
                "QC/multiqc/multiqc_report.html",
                "pipeline_info",
                "pipeline_info/nf_core_fastqrepair_software_mqc_versions.yml",
                "repaired",
                "repaired/test_30reads_2.fastq.gz",
                "repaired/test_30reads_2.report"
            ],
            [
                "test_30reads_2_fastqc.html:md5,d44a7325d3467cecbe29dc22ba3e79b0",
                "test_30reads_2_fastqc.zip:md5,1ee417f153a5aa8ea7da673c41fa1c9e",
                "fastqc-status-check-heatmap.txt:md5,21297d04127784c119fb9907501b9589",
                "fastqc_adapter_content_plot.txt:md5,000198f0cff3e600d29abc22fc5738da",
                "fastqc_overrepresented_sequences_plot.txt:md5,b084a757bcf5ac9694292356ad5e5750",
                "fastqc_per_base_n_content_plot.txt:md5,34061ce51018c73217992da5d152d80d",
                "fastqc_per_base_sequence_quality_plot.txt:md5,1e82c9b9551b65cba078ecc77d9b5b3d",
                "fastqc_per_sequence_gc_content_plot_Counts.txt:md5,236df075284db51f90e152f820fb1825",
                "fastqc_per_sequence_gc_content_plot_Percentages.txt:md5,9143bd96f13e762a894977104aa12ee1",
                "fastqc_per_sequence_quality_scores_plot.txt:md5,290aaf1e74428e2820eac81fee1ea9b7",
                "fastqc_sequence_counts_plot.txt:md5,64a3af9e27c20165be685987a12459ca",
                "fastqc_sequence_duplication_levels_plot.txt:md5,a02844a6418071c3ce750ae463c0a425",
                "fastqc_sequence_length_distribution_plot.txt:md5,205441c4aac314f39401bb4334f2cb4c",
                "fastqc_top_overrepresented_sequences_table.txt:md5,3fe9275c8c3b3aec10bb1691a09170a5",
                "llms-full.txt:md5,e23a74e1bebbe7327c8ca1927fb26397",
                "multiqc.log:md5,b04402f79a9359d63bc67329eb853ed2",
                "multiqc.parquet:md5,4441118f7a85b07155d1bd2c17ddf21b",
                "multiqc_citations.txt:md5,4c806e63a283ec1b7e78cdae3a923d4f",
                "multiqc_data.json:md5,dab34d610ea59c5511add88728ef8163",
                "multiqc_fastqc.txt:md5,4b4f368b665f8fa25b0f0f9c76319323",
                "multiqc_general_stats.txt:md5,0010a3fff3aaa3a78d6f86c5e0f43d92",
                "multiqc_software_versions.txt:md5,6b0c3a7e7347cf422638de8682ee3a5f",
                "multiqc_sources.txt:md5,8b84097f6e81fd7d2c047fc6801172e6",
                "fastqc-status-check-heatmap.pdf:md5,bbb9ffd1037b12180de1fe1076d986b1",
                "fastqc_adapter_content_plot.pdf:md5,4a150726c48330a9e4d7010c0c8b5073",
                "fastqc_overrepresented_sequences_plot.pdf:md5,4d8d3a2d4edba3b09308831796389fb0",
                "fastqc_per_base_n_content_plot.pdf:md5,c442613969f5aeba203215e6f7618ddd",
                "fastqc_per_base_sequence_quality_plot.pdf:md5,1b35b2aa3ec4e12d2e5a901efb56dd37",
                "fastqc_per_sequence_gc_content_plot_Counts.pdf:md5,9333f0a9c08f0403bc749ff61fb7681b",
                "fastqc_per_sequence_gc_content_plot_Percentages.pdf:md5,2193bc00414edad277414cc54e9b1394",
                "fastqc_per_sequence_quality_scores_plot.pdf:md5,d0b972fd6e8cd250b73b4ad90040769d",
                "fastqc_sequence_counts_plot-cnt.pdf:md5,a9a725f80a746e4d2c5cfbc5d21853ae",
                "fastqc_sequence_counts_plot-pct.pdf:md5,5c5213d66e9cde2a248de519b996e1c4",
                "fastqc_sequence_duplication_levels_plot.pdf:md5,d7622832bb789a138f96e9708bf828a3",
                "fastqc_sequence_length_distribution_plot.pdf:md5,a9743915753ca094f62a4177f9462ef4",
                "fastqc_top_overrepresented_sequences_table.pdf:md5,97501505406c9f7beca9a0807b7f1207",
                "fastqc-status-check-heatmap.png:md5,529c57b49eacec53fac6b8b86b32a1b0",
                "fastqc_adapter_content_plot.png:md5,b87d2007a57f127673504108313a69bc",
                "fastqc_overrepresented_sequences_plot.png:md5,2ee61040be12729d6ec5908312ae1402",
                "fastqc_per_base_n_content_plot.png:md5,5d4e63ba001102fe848bf1360b2a9ec1",
                "fastqc_per_base_sequence_quality_plot.png:md5,46b52525e1cb3a1a6283e868106ab75f",
                "fastqc_per_sequence_gc_content_plot_Counts.png:md5,a230a1ca01d04918c3acae44513f3898",
                "fastqc_per_sequence_gc_content_plot_Percentages.png:md5,3d5f722050f2af788bdeb4003e89b01c",
                "fastqc_per_sequence_quality_scores_plot.png:md5,259a8676c82f34a7b586e1e33dad88f4",
                "fastqc_sequence_counts_plot-cnt.png:md5,f25bd41be54dae37f57f8137eb45101a",
                "fastqc_sequence_counts_plot-pct.png:md5,1f3bd040023b2f4d0c706ec5080d07f8",
                "fastqc_sequence_duplication_levels_plot.png:md5,0533030da519ebf3573e9c5ad9878b56",
                "fastqc_sequence_length_distribution_plot.png:md5,afe7bf03f96e001216f5e5e8b35b1625",
                "fastqc_top_overrepresented_sequences_table.png:md5,80884e25779a8a32276c412b56e14164",
                "fastqc-status-check-heatmap.svg:md5,960395d7a0821cfcdb5aeb1fbbd21964",
                "fastqc_adapter_content_plot.svg:md5,5d4cc30531b20a78de73f090030a62f6",
                "fastqc_overrepresented_sequences_plot.svg:md5,561055de32268442613a3fbc2c86e9df",
                "fastqc_per_base_n_content_plot.svg:md5,5917f91457244a2e81bbcaf1a234110b",
                "fastqc_per_base_sequence_quality_plot.svg:md5,689e0540623ef610b1617689a4fe9c94",
                "fastqc_per_sequence_gc_content_plot_Counts.svg:md5,82f7e544801f88298cf5bf770d001eb1",
                "fastqc_per_sequence_gc_content_plot_Percentages.svg:md5,31e9446ed567564b79305fde4c9563c7",
                "fastqc_per_sequence_quality_scores_plot.svg:md5,9d2cb45788fcee0114403381b81901dc",
                "fastqc_sequence_counts_plot-cnt.svg:md5,1773c4bf4b303e196331f2ccda299b5e",
                "fastqc_sequence_counts_plot-pct.svg:md5,4567958fc47c2f006fcd385f1856a5d4",
                "fastqc_sequence_duplication_levels_plot.svg:md5,bbc6cc26623ac66838783f22ec0f4cf0",
                "fastqc_sequence_length_distribution_plot.svg:md5,b33943d36314313de1aa62bd5206b3f0",
                "fastqc_top_overrepresented_sequences_table.svg:md5,33759d49ce016ec9729e5c26f7bad427",
                "multiqc_report.html:md5,2ea3ad92cfc14267607e48ec85c37b10",
                "test_30reads_2.fastq.gz:md5,7ff02baccc157b8cb2fc70cad4d123cb",
                "test_30reads_2.report:md5,66c4833c1d7d2a94a34a786873869c7a"
            ]
        ],
        "timestamp": "2026-08-09T11:41:10.254550799",
        "meta": {
            "nf-test": "0.9.4",
            "nextflow": "25.10.4"
        }
    }
}