{
    "30reads_final": {
        "content": [
            [
                "test_30reads_2.fastq.gz:md5,7ff02baccc157b8cb2fc70cad4d123cb",
                "test_30reads_2.report:md5,66c4833c1d7d2a94a34a786873869c7a"
            ],
            "test_30reads_2.report:md5,66c4833c1d7d2a94a34a786873869c7a",
            "nf_core_fastqrepair_software_mqc_versions.yml:md5,e460d17e71431a66736120875ca88f85",
            true,
            false
        ],
        "timestamp": "2026-08-09T11:39:36.119577324",
        "meta": {
            "nf-test": "0.9.4",
            "nextflow": "25.10.4"
        }
    }
}